******************************************************************************
                  TI ARM Linker Unix v5.2.5                    
******************************************************************************
>> Linked Sat Oct 24 15:14:38 2015

OUTPUT FILE NAME:   <test.out>
ENTRY POINT SYMBOL: "_c_int00"  address: 00000511


MEMORY CONFIGURATION

         name            origin    length      used     unused   attr    fill
----------------------  --------  ---------  --------  --------  ----  --------
  FLASH                 00000000   00040000  0000067c  0003f984  R  X
  SRAM                  20000000   00008000  00000218  00007de8  RW X


SEGMENT ALLOCATION MAP

run origin  load origin   length   init length attrs members
----------  ----------- ---------- ----------- ----- -------
00000000    00000000    00000680   00000680    r-x
  00000000    00000000    0000026c   0000026c    r-- .intvecs
  0000026c    0000026c    000003e8   000003e8    r-x .text
  00000654    00000654    00000008   00000008    r-- .const
  00000660    00000660    00000020   00000020    r-- .cinit
20000000    20000000    00000218   00000000    rw-
  20000000    20000000    00000200   00000000    rw- .stack
  20000200    20000200    00000018   00000000    rw- .data


SECTION ALLOCATION MAP

 output                                  attributes/
section   page    origin      length       input sections
--------  ----  ----------  ----------   ----------------
.intvecs   0    00000000    0000026c     
                  00000000    0000026c     tm4c123gh6pm_startup_ccs.obj (.intvecs)

.text      0    0000026c    000003e8     
                  0000026c    000000b4     GPIO.obj (.text)
                  00000320    0000009c     rtsv7M4_T_le_v4SPD16_eabi.lib : memcpy_t2.obj (.text)
                  000003bc    0000007a                                   : memset_t2.obj (.text)
                  00000436    00000002     --HOLE-- [fill = 0]
                  00000438    0000006c                                   : autoinit.obj (.text)
                  000004a4    0000006a                                   : copy_decompress_rle.obj (.text)
                  0000050e    00000002     --HOLE-- [fill = 0]
                  00000510    00000050                                   : boot.obj (.text)
                  00000560    0000004c                                   : cpy_tbl.obj (.text)
                  000005ac    00000044                                   : exit.obj (.text)
                  000005f0    00000018                                   : args_main.obj (.text)
                  00000608    00000014     main.obj (.text)
                  0000061c    00000014     rtsv7M4_T_le_v4SPD16_eabi.lib : _lock.obj (.text)
                  00000630    0000000e                                   : copy_decompress_none.obj (.text:decompress:none)
                  0000063e    0000000c     tm4c123gh6pm_startup_ccs.obj (.text)
                  0000064a    00000006     rtsv7M4_T_le_v4SPD16_eabi.lib : copy_decompress_rle.obj (.text:decompress:rle24)
                  00000650    00000004                                   : pre_init.obj (.text)

.const     0    00000654    00000008     
                  00000654    00000008     GPIO.obj (.const)

.cinit     0    00000660    00000020     
                  00000660    0000000f     (.cinit..data.load) [load image, compression = rle]
                  0000066f    00000001     --HOLE-- [fill = 0]
                  00000670    00000008     (__TI_handler_table)
                  00000678    00000008     (__TI_cinit_table)

.init_array 
*          0    00000000    00000000     UNINITIALIZED

.data      0    20000200    00000018     UNINITIALIZED
                  20000200    00000008     rtsv7M4_T_le_v4SPD16_eabi.lib : _lock.obj (.data)
                  20000208    00000008                                   : exit.obj (.data)
                  20000210    00000004     GPIO.obj (.data)
                  20000214    00000004     rtsv7M4_T_le_v4SPD16_eabi.lib : stkdepth_vars.obj (.data)

.stack     0    20000000    00000200     UNINITIALIZED
                  20000000    00000200     --HOLE--

.TI.persistent 
*          0    20000200    00000000     UNINITIALIZED


LINKER GENERATED COPY TABLES

__TI_cinit_table @ 00000678 records: 1, size/record: 8, table size: 8
	.data: load addr=00000660, load size=0000000f bytes, run addr=20000200, run size=00000018 bytes, compression=rle


LINKER GENERATED HANDLER TABLE

__TI_handler_table @ 00000670 records: 2, size/record: 4, table size: 8
	index: 0, handler: __TI_decompress_rle24
	index: 1, handler: __TI_decompress_none


GLOBAL SYMBOLS: SORTED ALPHABETICALLY BY Name 

address   name                    
-------   ----                    
000005ad  C$$EXIT                 
0000063f  ResetISR                
UNDEFED   SHT$$INIT_ARRAY$$Base   
UNDEFED   SHT$$INIT_ARRAY$$Limit  
0000026d  SetupGPIO               
20000200  __STACK_END             
00000200  __STACK_SIZE            
20000200  __STACK_TOP             
00000678  __TI_CINIT_Base         
00000680  __TI_CINIT_Limit        
00000670  __TI_Handler_Table_Base 
00000678  __TI_Handler_Table_Limit
00000439  __TI_auto_init          
20000208  __TI_cleanup_ptr        
00000631  __TI_decompress_none    
0000064b  __TI_decompress_rle24   
2000020c  __TI_dtors_ptr          
00000000  __TI_static_base__      
000003bd  __aeabi_memclr          
000003bd  __aeabi_memclr4         
000003bd  __aeabi_memclr8         
00000321  __aeabi_memcpy          
00000321  __aeabi_memcpy4         
00000321  __aeabi_memcpy8         
000003bf  __aeabi_memset          
000003bf  __aeabi_memset4         
000003bf  __aeabi_memset8         
ffffffff  __binit__               
ffffffff  __c_args__              
20000000  __stack                 
000005f1  _args_main              
00000511  _c_int00                
20000200  _lock                   
0000062b  _nop                    
00000623  _register_lock          
0000061d  _register_unlock        
00000651  _system_pre_init        
20000204  _unlock                 
000005b1  abort                   
ffffffff  binit                   
00000561  copy_in                 
000005b9  exit                    
00000000  g_pfnVectors            
00000609  main                    
20000214  main_func_sp            
00000321  memcpy                  
000003c5  memset                  


GLOBAL SYMBOLS: SORTED BY Symbol Address 

address   name                    
-------   ----                    
00000000  __TI_static_base__      
00000000  g_pfnVectors            
00000200  __STACK_SIZE            
0000026d  SetupGPIO               
00000321  __aeabi_memcpy          
00000321  __aeabi_memcpy4         
00000321  __aeabi_memcpy8         
00000321  memcpy                  
000003bd  __aeabi_memclr          
000003bd  __aeabi_memclr4         
000003bd  __aeabi_memclr8         
000003bf  __aeabi_memset          
000003bf  __aeabi_memset4         
000003bf  __aeabi_memset8         
000003c5  memset                  
00000439  __TI_auto_init          
00000511  _c_int00                
00000561  copy_in                 
000005ad  C$$EXIT                 
000005b1  abort                   
000005b9  exit                    
000005f1  _args_main              
00000609  main                    
0000061d  _register_unlock        
00000623  _register_lock          
0000062b  _nop                    
00000631  __TI_decompress_none    
0000063f  ResetISR                
0000064b  __TI_decompress_rle24   
00000651  _system_pre_init        
00000670  __TI_Handler_Table_Base 
00000678  __TI_CINIT_Base         
00000678  __TI_Handler_Table_Limit
00000680  __TI_CINIT_Limit        
20000000  __stack                 
20000200  __STACK_END             
20000200  __STACK_TOP             
20000200  _lock                   
20000204  _unlock                 
20000208  __TI_cleanup_ptr        
2000020c  __TI_dtors_ptr          
20000214  main_func_sp            
ffffffff  __binit__               
ffffffff  __c_args__              
ffffffff  binit                   
UNDEFED   SHT$$INIT_ARRAY$$Base   
UNDEFED   SHT$$INIT_ARRAY$$Limit  

[47 symbols]
